C51 COMPILER V9.53.0.0   RETARGETIO                                                        03/17/2017 15:03:49 PAGE 1   


C51 COMPILER V9.53.0.0, COMPILATION OF MODULE RETARGETIO
OBJECT MODULE PLACED IN .\lib\bsp\efm8_retargetserial\retargetio.OBJ
COMPILER INVOKED BY: c:\SiliconLabs\SimplicityStudio\v4\developer\toolchains\keil_8051\9.53\BIN\C51.exe C:\SiliconLabs\S
                    -implicityStudio\v4\developer\sdks\8051\v4.0.3\kits\common\drivers\efm8_retargetserial\retargetio.c OMF2 SMALL DEBUG OBJE
                    -CTEXTEND ROM(LARGE) WARNINGLEVEL(2) FLOATFUZZY(3) OPTIMIZE(8,SPEED) DEFINE(DEBUG=1) INTVECTOR(0X0000) INTPROMOTE INCDIR(
                    -C:\Users\varou\SimplicityStudio\v4_workspace1\EFM8BB3_FunctionGenerator\inc;C:\Users\varou\SimplicityStudio\v4_workspace
                    -1\EFM8BB3_FunctionGenerator\inc\config;C:\Users\varou\SimplicityStudio\v4_workspace1\EFM8BB3_FunctionGenerator\inc\graph
                    -ics;C:/SiliconLabs/SimplicityStudio/v4/developer/sdks/8051/v4.0.3//Device/EFM8BB3/peripheral_driver/inc;C:/SiliconLabs/S
                    -implicityStudio/v4/developer/sdks/8051/v4.0.3//kits/common/bsp;C:/SiliconLabs/SimplicityStudio/v4/developer/sdks/8051/v4
                    -.0.3//kits/EFM8BB3_SLSTK2022A/config;C:/SiliconLabs/SimplicityStudio/v4/developer/sdks/8051/v4.0.3//kits/common/drivers/
                    -efm8_memory_lcd/inc;C:/SiliconLabs/SimplicityStudio/v4/developer/sdks/8051/v4.0.3//kits/common/drivers/efm8_memory_lcd/i
                    -nc/graphics;C:/SiliconLabs/SimplicityStudio/v4/developer/sdks/8051/v4.0.3//kits/common/drivers/efm8_memory_lcd/inc/confi
                    -g;C:/SiliconLabs/SimplicityStudio/v4/developer/sdks/8051/v4.0.3//kits/common/drivers/efm8_joystick;C:/SiliconLabs/Simpli
                    -cityStudio/v4/developer/sdks/8051/v4.0.3//kits/common/drivers/efm8_retargetserial;C:/SiliconLabs/SimplicityStudio/v4/dev
                    -eloper/sdks/8051/v4.0.3//Device/shared/si8051base;C:/SiliconLabs/SimplicityStudio/v4/developer/sdks/8051/v4.0.3//Device/
                    -EFM8BB3/inc) PRINT(.\lib\bsp\efm8_retargetserial\retargetio.lst) COND PAGEWIDTH(120) PAGELENGTH(65) OBJECT(.\lib\bsp\efm
                    -8_retargetserial\retargetio.OBJ)

line level    source

   1          /////////////////////////////////////////////////////////////////////////////
   2          // retargetio.c
   3          /////////////////////////////////////////////////////////////////////////////
   4          
   5          #if defined __C51__
   6          
   7          extern char RETARGET_ReadChar(void);
   8          extern char RETARGET_WriteChar(char c);
   9          
  10          char _getkey ()  {
  11   1        return(RETARGET_ReadChar());
  12   1      }
  13          
  14          char putchar (char c)
  15          {
  16   1        return(RETARGET_WriteChar(c));
  17   1      }
  18          
  19          #elif defined __ICC8051__
              
              extern int RETARGET_ReadChar(void);
              extern int RETARGET_WriteChar(int c);
              
              int getchar(void){
                return(RETARGET_ReadChar());
              }
              
              int putchar(int c)
              {
                return(RETARGET_WriteChar(c));
              }
              
              #endif


MODULE INFORMATION:   STATIC OVERLAYABLE
   CODE SIZE        =      8    ----
   CONSTANT SIZE    =   ----    ----
   XDATA SIZE       =   ----    ----
   PDATA SIZE       =   ----    ----
   DATA SIZE        =   ----    ----
   IDATA SIZE       =   ----    ----
C51 COMPILER V9.53.0.0   RETARGETIO                                                        03/17/2017 15:03:49 PAGE 2   

   BIT SIZE         =   ----    ----
   EDATA SIZE       =   ----    ----
   HDATA SIZE       =   ----    ----
   XDATA CONST SIZE =   ----    ----
   FAR CONST SIZE   =   ----    ----
END OF MODULE INFORMATION.


C51 COMPILATION COMPLETE.  0 WARNING(S),  0 ERROR(S)
